Archive member included to satisfy reference by file (symbol)

/opt/st/stm32cubeide_1.13.1/plugins/com.st.stm32cube.ide.mcu.externaltools.gnu-tools-for-stm32.11.3.rel1.linux64_1.1.0.202305231506/tools/bin/../lib/gcc/arm-none-eabi/11.3.1/../../../../arm-none-eabi/lib/thumb/v6-m/nofp/libc_nano.a(libc_a-exit.o)
                              /opt/st/stm32cubeide_1.13.1/plugins/com.st.stm32cube.ide.mcu.externaltools.gnu-tools-for-stm32.11.3.rel1.linux64_1.1.0.202305231506/tools/bin/../lib/gcc/arm-none-eabi/11.3.1/../../../../arm-none-eabi/lib/thumb/v6-m/nofp/crt0.o (exit)
/opt/st/stm32cubeide_1.13.1/plugins/com.st.stm32cube.ide.mcu.externaltools.gnu-tools-for-stm32.11.3.rel1.linux64_1.1.0.202305231506/tools/bin/../lib/gcc/arm-none-eabi/11.3.1/../../../../arm-none-eabi/lib/thumb/v6-m/nofp/libc_nano.a(libc_a-findfp.o)
                              /opt/st/stm32cubeide_1.13.1/plugins/com.st.stm32cube.ide.mcu.externaltools.gnu-tools-for-stm32.11.3.rel1.linux64_1.1.0.202305231506/tools/bin/../lib/gcc/arm-none-eabi/11.3.1/../../../../arm-none-eabi/lib/thumb/v6-m/nofp/libc_nano.a(libc_a-exit.o) (__stdio_exit_handler)
/opt/st/stm32cubeide_1.13.1/plugins/com.st.stm32cube.ide.mcu.externaltools.gnu-tools-for-stm32.11.3.rel1.linux64_1.1.0.202305231506/tools/bin/../lib/gcc/arm-none-eabi/11.3.1/../../../../arm-none-eabi/lib/thumb/v6-m/nofp/libc_nano.a(libc_a-fwalk.o)
                              /opt/st/stm32cubeide_1.13.1/plugins/com.st.stm32cube.ide.mcu.externaltools.gnu-tools-for-stm32.11.3.rel1.linux64_1.1.0.202305231506/tools/bin/../lib/gcc/arm-none-eabi/11.3.1/../../../../arm-none-eabi/lib/thumb/v6-m/nofp/libc_nano.a(libc_a-findfp.o) (_fwalk_sglue)
/opt/st/stm32cubeide_1.13.1/plugins/com.st.stm32cube.ide.mcu.externaltools.gnu-tools-for-stm32.11.3.rel1.linux64_1.1.0.202305231506/tools/bin/../lib/gcc/arm-none-eabi/11.3.1/../../../../arm-none-eabi/lib/thumb/v6-m/nofp/libc_nano.a(libc_a-stdio.o)
                              /opt/st/stm32cubeide_1.13.1/plugins/com.st.stm32cube.ide.mcu.externaltools.gnu-tools-for-stm32.11.3.rel1.linux64_1.1.0.202305231506/tools/bin/../lib/gcc/arm-none-eabi/11.3.1/../../../../arm-none-eabi/lib/thumb/v6-m/nofp/libc_nano.a(libc_a-findfp.o) (__sread)
/opt/st/stm32cubeide_1.13.1/plugins/com.st.stm32cube.ide.mcu.externaltools.gnu-tools-for-stm32.11.3.rel1.linux64_1.1.0.202305231506/tools/bin/../lib/gcc/arm-none-eabi/11.3.1/../../../../arm-none-eabi/lib/thumb/v6-m/nofp/libc_nano.a(libc_a-memcmp.o)
                              ./Core/Src/nanomodbus.o (memcmp)
/opt/st/stm32cubeide_1.13.1/plugins/com.st.stm32cube.ide.mcu.externaltools.gnu-tools-for-stm32.11.3.rel1.linux64_1.1.0.202305231506/tools/bin/../lib/gcc/arm-none-eabi/11.3.1/../../../../arm-none-eabi/lib/thumb/v6-m/nofp/libc_nano.a(libc_a-memset.o)
                              /opt/st/stm32cubeide_1.13.1/plugins/com.st.stm32cube.ide.mcu.externaltools.gnu-tools-for-stm32.11.3.rel1.linux64_1.1.0.202305231506/tools/bin/../lib/gcc/arm-none-eabi/11.3.1/../../../../arm-none-eabi/lib/thumb/v6-m/nofp/crt0.o (memset)
/opt/st/stm32cubeide_1.13.1/plugins/com.st.stm32cube.ide.mcu.externaltools.gnu-tools-for-stm32.11.3.rel1.linux64_1.1.0.202305231506/tools/bin/../lib/gcc/arm-none-eabi/11.3.1/../../../../arm-none-eabi/lib/thumb/v6-m/nofp/libc_nano.a(libc_a-strncpy.o)
                              ./Core/Src/nanomodbus.o (strncpy)
/opt/st/stm32cubeide_1.13.1/plugins/com.st.stm32cube.ide.mcu.externaltools.gnu-tools-for-stm32.11.3.rel1.linux64_1.1.0.202305231506/tools/bin/../lib/gcc/arm-none-eabi/11.3.1/../../../../arm-none-eabi/lib/thumb/v6-m/nofp/libc_nano.a(libc_a-closer.o)
                              /opt/st/stm32cubeide_1.13.1/plugins/com.st.stm32cube.ide.mcu.externaltools.gnu-tools-for-stm32.11.3.rel1.linux64_1.1.0.202305231506/tools/bin/../lib/gcc/arm-none-eabi/11.3.1/../../../../arm-none-eabi/lib/thumb/v6-m/nofp/libc_nano.a(libc_a-stdio.o) (_close_r)
/opt/st/stm32cubeide_1.13.1/plugins/com.st.stm32cube.ide.mcu.externaltools.gnu-tools-for-stm32.11.3.rel1.linux64_1.1.0.202305231506/tools/bin/../lib/gcc/arm-none-eabi/11.3.1/../../../../arm-none-eabi/lib/thumb/v6-m/nofp/libc_nano.a(libc_a-reent.o)
                              /opt/st/stm32cubeide_1.13.1/plugins/com.st.stm32cube.ide.mcu.externaltools.gnu-tools-for-stm32.11.3.rel1.linux64_1.1.0.202305231506/tools/bin/../lib/gcc/arm-none-eabi/11.3.1/../../../../arm-none-eabi/lib/thumb/v6-m/nofp/libc_nano.a(libc_a-closer.o) (errno)
/opt/st/stm32cubeide_1.13.1/plugins/com.st.stm32cube.ide.mcu.externaltools.gnu-tools-for-stm32.11.3.rel1.linux64_1.1.0.202305231506/tools/bin/../lib/gcc/arm-none-eabi/11.3.1/../../../../arm-none-eabi/lib/thumb/v6-m/nofp/libc_nano.a(libc_a-impure.o)
                              /opt/st/stm32cubeide_1.13.1/plugins/com.st.stm32cube.ide.mcu.externaltools.gnu-tools-for-stm32.11.3.rel1.linux64_1.1.0.202305231506/tools/bin/../lib/gcc/arm-none-eabi/11.3.1/../../../../arm-none-eabi/lib/thumb/v6-m/nofp/libc_nano.a(libc_a-reent.o) (_impure_ptr)
[...]
Memory Configuration

Name             Origin             Length             Attributes
RAM              0x0000000020000000 0x0000000000002000 xrw
FLASH            0x0000000008000000 0x0000000000008000 xr
*default*        0x0000000000000000 0xffffffffffffffff

Linker script and memory map

LOAD /opt/st/stm32cubeide_1.13.1/plugins/com.st.stm32cube.ide.mcu.externaltools.gnu-tools-for-stm32.11.3.rel1.linux64_1.1.0.202305231506/tools/bin/../lib/gcc/arm-none-eabi/11.3.1/thumb/v6-m/nofp/crti.o
LOAD /opt/st/stm32cubeide_1.13.1/plugins/com.st.stm32cube.ide.mcu.externaltools.gnu-tools-for-stm32.11.3.rel1.linux64_1.1.0.202305231506/tools/bin/../lib/gcc/arm-none-eabi/11.3.1/thumb/v6-m/nofp/crtbegin.o
LOAD /opt/st/stm32cubeide_1.13.1/plugins/com.st.stm32cube.ide.mcu.externaltools.gnu-tools-for-stm32.11.3.rel1.linux64_1.1.0.202305231506/tools/bin/../lib/gcc/arm-none-eabi/11.3.1/../../../../arm-none-eabi/lib/thumb/v6-m/nofp/crt0.o
LOAD ./Core/Src/gpio.o
LOAD ./Core/Src/main.o
LOAD ./Core/Src/modbus_slave.o
LOAD ./Core/Src/nanomodbus.o
LOAD ./Core/Src/rtc.o
LOAD ./Core/Src/stm32g0xx_hal_msp.o
LOAD ./Core/Src/stm32g0xx_it.o
LOAD ./Core/Src/syscalls.o
LOAD ./Core/Src/sysmem.o
LOAD ./Core/Src/system_stm32g0xx.o
LOAD ./Core/Src/usart.o
LOAD ./Core/Startup/startup_stm32g030f6px.o
LOAD ./Drivers/STM32G0xx_HAL_Driver/Src/stm32g0xx_hal.o
LOAD ./Drivers/STM32G0xx_HAL_Driver/Src/stm32g0xx_hal_cortex.o
LOAD ./Drivers/STM32G0xx_HAL_Driver/Src/stm32g0xx_hal_dma.o
LOAD ./Drivers/STM32G0xx_HAL_Driver/Src/stm32g0xx_hal_dma_ex.o
LOAD ./Drivers/STM32G0xx_HAL_Driver/Src/stm32g0xx_hal_exti.o
LOAD ./Drivers/STM32G0xx_HAL_Driver/Src/stm32g0xx_hal_flash.o
LOAD ./Drivers/STM32G0xx_HAL_Driver/Src/stm32g0xx_hal_flash_ex.o
LOAD ./Drivers/STM32G0xx_HAL_Driver/Src/stm32g0xx_hal_gpio.o
LOAD ./Drivers/STM32G0xx_HAL_Driver/Src/stm32g0xx_hal_pwr.o
LOAD ./Drivers/STM32G0xx_HAL_Driver/Src/stm32g0xx_hal_pwr_ex.o
LOAD ./Drivers/STM32G0xx_HAL_Driver/Src/stm32g0xx_hal_rcc.o
LOAD ./Drivers/STM32G0xx_HAL_Driver/Src/stm32g0xx_hal_rcc_ex.o
LOAD ./Drivers/STM32G0xx_HAL_Driver/Src/stm32g0xx_hal_rtc.o
LOAD ./Drivers/STM32G0xx_HAL_Driver/Src/stm32g0xx_hal_rtc_ex.o
LOAD ./Drivers/STM32G0xx_HAL_Driver/Src/stm32g0xx_hal_tim.o
LOAD ./Drivers/STM32G0xx_HAL_Driver/Src/stm32g0xx_hal_tim_ex.o
LOAD ./Drivers/STM32G0xx_HAL_Driver/Src/stm32g0xx_hal_uart.o
LOAD ./Drivers/STM32G0xx_HAL_Driver/Src/stm32g0xx_hal_uart_ex.o
LOAD ./Drivers/STM32G0xx_HAL_Driver/Src/stm32g0xx_ll_dma.o
LOAD ./Drivers/STM32G0xx_HAL_Driver/Src/stm32g0xx_ll_rcc.o
START GROUP
LOAD /opt/st/stm32cubeide_1.13.1/plugins/com.st.stm32cube.ide.mcu.externaltools.gnu-tools-for-stm32.11.3.rel1.linux64_1.1.0.202305231506/tools/bin/../lib/gcc/arm-none-eabi/11.3.1/../../../../arm-none-eabi/lib/thumb/v6-m/nofp/libc_nano.a
LOAD /opt/st/stm32cubeide_1.13.1/plugins/com.st.stm32cube.ide.mcu.externaltools.gnu-tools-for-stm32.11.3.rel1.linux64_1.1.0.202305231506/tools/bin/../lib/gcc/arm-none-eabi/11.3.1/../../../../arm-none-eabi/lib/thumb/v6-m/nofp/libm.a
END GROUP
START GROUP
LOAD /opt/st/stm32cubeide_1.13.1/plugins/com.st.stm32cube.ide.mcu.externaltools.gnu-tools-for-stm32.11.3.rel1.linux64_1.1.0.202305231506/tools/bin/../lib/gcc/arm-none-eabi/11.3.1/thumb/v6-m/nofp/libgcc.a
LOAD /opt/st/stm32cubeide_1.13.1/plugins/com.st.stm32cube.ide.mcu.externaltools.gnu-tools-for-stm32.11.3.rel1.linux64_1.1.0.202305231506/tools/bin/../lib/gcc/arm-none-eabi/11.3.1/../../../../arm-none-eabi/lib/thumb/v6-m/nofp/libc_nano.a
END GROUP
START GROUP
LOAD /opt/st/stm32cubeide_1.13.1/plugins/com.st.stm32cube.ide.mcu.externaltools.gnu-tools-for-stm32.11.3.rel1.linux64_1.1.0.202305231506/tools/bin/../lib/gcc/arm-none-eabi/11.3.1/thumb/v6-m/nofp/libgcc.a
LOAD /opt/st/stm32cubeide_1.13.1/plugins/com.st.stm32cube.ide.mcu.externaltools.gnu-tools-for-stm32.11.3.rel1.linux64_1.1.0.202305231506/tools/bin/../lib/gcc/arm-none-eabi/11.3.1/../../../../arm-none-eabi/lib/thumb/v6-m/nofp/libc_nano.a
LOAD /opt/st/stm32cubeide_1.13.1/plugins/com.st.stm32cube.ide.mcu.externaltools.gnu-tools-for-stm32.11.3.rel1.linux64_1.1.0.202305231506/tools/bin/../lib/gcc/arm-none-eabi/11.3.1/../../../../arm-none-eabi/lib/thumb/v6-m/nofp/libnosys.a
END GROUP
START GROUP
LOAD /opt/st/stm32cubeide_1.13.1/plugins/com.st.stm32cube.ide.mcu.externaltools.gnu-tools-for-stm32.11.3.rel1.linux64_1.1.0.202305231506/tools/bin/../lib/gcc/arm-none-eabi/11.3.1/thumb/v6-m/nofp/libgcc.a
LOAD /opt/st/stm32cubeide_1.13.1/plugins/com.st.stm32cube.ide.mcu.externaltools.gnu-tools-for-stm32.11.3.rel1.linux64_1.1.0.202305231506/tools/bin/../lib/gcc/arm-none-eabi/11.3.1/../../../../arm-none-eabi/lib/thumb/v6-m/nofp/libc_nano.a
LOAD /opt/st/stm32cubeide_1.13.1/plugins/com.st.stm32cube.ide.mcu.externaltools.gnu-tools-for-stm32.11.3.rel1.linux64_1.1.0.202305231506/tools/bin/../lib/gcc/arm-none-eabi/11.3.1/../../../../arm-none-eabi/lib/thumb/v6-m/nofp/libnosys.a
END GROUP
LOAD /opt/st/stm32cubeide_1.13.1/plugins/com.st.stm32cube.ide.mcu.externaltools.gnu-tools-for-stm32.11.3.rel1.linux64_1.1.0.202305231506/tools/bin/../lib/gcc/arm-none-eabi/11.3.1/thumb/v6-m/nofp/crtend.o
LOAD /opt/st/stm32cubeide_1.13.1/plugins/com.st.stm32cube.ide.mcu.externaltools.gnu-tools-for-stm32.11.3.rel1.linux64_1.1.0.202305231506/tools/bin/../lib/gcc/arm-none-eabi/11.3.1/thumb/v6-m/nofp/crtn.o
                0x0000000020002000                _estack = (ORIGIN (RAM) + LENGTH (RAM))
                0x0000000000000200                _Min_Heap_Size = 0x200
                0x0000000000000400                _Min_Stack_Size = 0x400

.isr_vector     0x0000000008000000       0xb8
                0x0000000008000000                . = ALIGN (0x4)
 *(.isr_vector)
 .isr_vector    0x0000000008000000       0xb8 ./Core/Startup/startup_stm32g030f6px.o
                0x0000000008000000                g_pfnVectors
                0x00000000080000b8                . = ALIGN (0x4)

.text           0x00000000080000b8     0x6f90
                0x00000000080000b8                . = ALIGN (0x4)
 *(.text)
 .text          0x00000000080000b8       0x48 /opt/st/stm32cubeide_1.13.1/plugins/com.st.stm32cube.ide.mcu.externaltools.gnu-tools-for-stm32.11.3.rel1.linux64_1.1.0.202305231506/tools/bin/../lib/gcc/arm-none-eabi/11.3.1/thumb/v6-m/nofp/crtbegin.o
 .text          0x0000000008000100        0xe /opt/st/stm32cubeide_1.13.1/plugins/com.st.stm32cube.ide.mcu.externaltools.gnu-tools-for-stm32.11.3.rel1.linux64_1.1.0.202305231506/tools/bin/../lib/gcc/arm-none-eabi/11.3.1/../../../../arm-none-eabi/lib/thumb/v6-m/nofp/libc_nano.a(libc_a-strlen.o)
                0x0000000008000100                strlen
 *fill*         0x000000000800010e        0x2 
 .text          0x0000000008000110      0x114 /opt/st/stm32cubeide_1.13.1/plugins/com.st.stm32cube.ide.mcu.externaltools.gnu-tools-for-stm32.11.3.rel1.linux64_1.1.0.202305231506/tools/bin/../lib/gcc/arm-none-eabi/11.3.1/thumb/v6-m/nofp/libgcc.a(_udivsi3.o)
                0x0000000008000110                __udivsi3
                0x0000000008000110                __aeabi_uidiv
                0x000000000800021c                __aeabi_uidivmod
 .text          0x0000000008000224      0x1d4 /opt/st/stm32cubeide_1.13.1/plugins/com.st.stm32cube.ide.mcu.externaltools.gnu-tools-for-stm32.11.3.rel1.linux64_1.1.0.202305231506/tools/bin/../lib/gcc/arm-none-eabi/11.3.1/thumb/v6-m/nofp/libgcc.a(_divsi3.o)
                0x0000000008000224                __aeabi_idiv
                0x0000000008000224                __divsi3
                0x00000000080003f0                __aeabi_idivmod
 .text          0x00000000080003f8        0x4 /opt/st/stm32cubeide_1.13.1/plugins/com.st.stm32cube.ide.mcu.externaltools.gnu-tools-for-stm32.11.3.rel1.linux64_1.1.0.202305231506/tools/bin/../lib/gcc/arm-none-eabi/11.3.1/thumb/v6-m/nofp/libgcc.a(_dvmd_tls.o)
                0x00000000080003f8                __aeabi_ldiv0
                0x00000000080003f8                __aeabi_idiv0
 *(.text*)
 .text.MX_GPIO_Init
                0x00000000080003fc       0x88 ./Core/Src/gpio.o
                0x00000000080003fc                MX_GPIO_Init
 .text.main     0x0000000008000484       0x26 ./Core/Src/main.o
                0x0000000008000484                main
 *fill*         0x00000000080004aa        0x2 
 .text.SystemClock_Config
                0x00000000080004ac       0xd0 ./Core/Src/main.o
                0x00000000080004ac                SystemClock_Config
 .text.Error_Handler
                0x000000000800057c        0xa ./Core/Src/main.o
                0x000000000800057c                Error_Handler
 .text.RS485_DE_Enable
                0x0000000008000586       0x18 ./Core/Src/modbus_slave.o
 .text.RS485_DE_Disable
                0x000000000800059e       0x18 ./Core/Src/modbus_slave.o
 *fill*         0x00000000080005b6        0x2 
 .text.platform_read
                0x00000000080005b8       0xdc ./Core/Src/modbus_slave.o
 .text.platform_write
                0x0000000008000694       0x6c ./Core/Src/modbus_slave.o
 .text.read_holding_registers
                0x0000000008000700       0xd0 ./Core/Src/modbus_slave.o
 .text.read_input_registers
                0x00000000080007d0       0xc4 ./Core/Src/modbus_slave.o
 .text.Modbus_Init
                0x0000000008000894       0xd4 ./Core/Src/modbus_slave.o
                0x0000000008000894                Modbus_Init
 .text.Modbus_Process
                0x0000000008000968       0x18 ./Core/Src/modbus_slave.o
                0x0000000008000968                Modbus_Process
 .text.Modbus_UART_IRQHandler
                0x0000000008000980       0x98 ./Core/Src/modbus_slave.o
                0x0000000008000980                Modbus_UART_IRQHandler
 .text.get_1    0x0000000008000a18       0x3c ./Core/Src/nanomodbus.o
 .text.put_1    0x0000000008000a54       0x3c ./Core/Src/nanomodbus.o
 .text.discard_1
                0x0000000008000a90       0x24 ./Core/Src/nanomodbus.o
 .text.discard_n
                0x0000000008000ab4       0x2e ./Core/Src/nanomodbus.o
 .text.get_2    0x0000000008000ae2       0x54 ./Core/Src/nanomodbus.o
 .text.put_2    0x0000000008000b36       0x56 ./Core/Src/nanomodbus.o
 .text.set_1    0x0000000008000b8c       0x2c ./Core/Src/nanomodbus.o
 .text.set_2    0x0000000008000bb8       0x42 ./Core/Src/nanomodbus.o
 .text.get_n    0x0000000008000bfa       0x3e ./Core/Src/nanomodbus.o
 .text.put_n    0x0000000008000c38       0x4a ./Core/Src/nanomodbus.o
 .text.get_regs
                0x0000000008000c82       0x86 ./Core/Src/nanomodbus.o
 .text.swap_regs
                0x0000000008000d08       0x5c ./Core/Src/nanomodbus.o
 .text.recv     0x0000000008000d64       0x86 ./Core/Src/nanomodbus.o
 .text.send     0x0000000008000dea       0x6c ./Core/Src/nanomodbus.o
 .text.flush    0x0000000008000e56       0x2c ./Core/Src/nanomodbus.o
 .text.msg_buf_reset
                0x0000000008000e82       0x1a ./Core/Src/nanomodbus.o
 .text.msg_state_reset
                0x0000000008000e9c       0x54 ./Core/Src/nanomodbus.o
 .text.nmbs_create
                0x0000000008000ef0       0xa4 ./Core/Src/nanomodbus.o
                0x0000000008000ef0                nmbs_create
 .text.nmbs_set_read_timeout
                0x0000000008000f94       0x1c ./Core/Src/nanomodbus.o
                0x0000000008000f94                nmbs_set_read_timeout
 .text.nmbs_set_byte_timeout
                0x0000000008000fb0       0x1c ./Core/Src/nanomodbus.o
                0x0000000008000fb0                nmbs_set_byte_timeout
 .text.nmbs_platform_conf_create
                0x0000000008000fcc       0x3c ./Core/Src/nanomodbus.o
                0x0000000008000fcc                nmbs_platform_conf_create
 .text.nmbs_crc_calc
                0x0000000008001008       0x98 ./Core/Src/nanomodbus.o
                0x0000000008001008                nmbs_crc_calc
 .text.recv_msg_footer
                0x00000000080010a0       0x8e ./Core/Src/nanomodbus.o
 .text.recv_msg_header
                0x000000000800112e      0x1fa ./Core/Src/nanomodbus.o
 .text.put_msg_header
                0x0000000008001328       0x9c ./Core/Src/nanomodbus.o
 .text.set_msg_header_size
                0x00000000080013c4       0x3a ./Core/Src/nanomodbus.o
 .text.send_msg
                0x00000000080013fe       0x72 ./Core/Src/nanomodbus.o
 .text.recv_req_header
                0x0000000008001470       0x8a ./Core/Src/nanomodbus.o
 .text.put_res_header
                0x00000000080014fa       0x24 ./Core/Src/nanomodbus.o
 .text.send_exception_msg
                0x000000000800151e       0x5c ./Core/Src/nanomodbus.o
 .text.recv_res_header
                0x000000000800157a      0x156 ./Core/Src/nanomodbus.o
 .text.recv_read_discrete_res
                0x00000000080016d0      0x100 ./Core/Src/nanomodbus.o
 .text.recv_read_registers_res
                0x00000000080017d0      0x120 ./Core/Src/nanomodbus.o
 .text.recv_write_single_coil_res
                0x00000000080018f0       0xd2 ./Core/Src/nanomodbus.o
                0x00000000080018f0                recv_write_single_coil_res
 .text.recv_write_single_register_res
                0x00000000080019c2       0xd2 ./Core/Src/nanomodbus.o
                0x00000000080019c2                recv_write_single_register_res
 .text.recv_write_multiple_coils_res
                0x0000000008001a94       0xd2 ./Core/Src/nanomodbus.o
                0x0000000008001a94                recv_write_multiple_coils_res
 .text.recv_write_multiple_registers_res
                0x0000000008001b66       0xd2 ./Core/Src/nanomodbus.o
                0x0000000008001b66                recv_write_multiple_registers_res
 .text.recv_read_file_record_res
                0x0000000008001c38      0x156 ./Core/Src/nanomodbus.o
                0x0000000008001c38                recv_read_file_record_res
 .text.recv_write_file_record_res
                0x0000000008001d8e      0x1ba ./Core/Src/nanomodbus.o
                0x0000000008001d8e                recv_write_file_record_res
 .text.recv_read_device_identification_res
                0x0000000008001f48      0x2c0 ./Core/Src/nanomodbus.o
                0x0000000008001f48                recv_read_device_identification_res
 .text.handle_read_discrete
                0x0000000008002208      0x258 ./Core/Src/nanomodbus.o
 .text.handle_read_registers
                0x0000000008002460      0x250 ./Core/Src/nanomodbus.o
 .text.handle_read_coils
                0x00000000080026b0       0x24 ./Core/Src/nanomodbus.o
 .text.handle_read_discrete_inputs
                0x00000000080026d4       0x24 ./Core/Src/nanomodbus.o
 .text.handle_read_holding_registers
                0x00000000080026f8       0x24 ./Core/Src/nanomodbus.o
 .text.handle_read_input_registers
                0x000000000800271c       0x24 ./Core/Src/nanomodbus.o
 .text.handle_write_single_coil
                0x0000000008002740      0x1ba ./Core/Src/nanomodbus.o
 .text.handle_write_single_register
                0x00000000080028fa      0x18e ./Core/Src/nanomodbus.o
 .text.handle_write_multiple_coils
                0x0000000008002a88      0x2f0 ./Core/Src/nanomodbus.o
 .text.handle_write_multiple_registers
                0x0000000008002d78      0x2cc ./Core/Src/nanomodbus.o
 .text.handle_read_file_record
                0x0000000008003044      0x5a8 ./Core/Src/nanomodbus.o
 .text.handle_write_file_record
                0x00000000080035ec      0x3c0 ./Core/Src/nanomodbus.o
 .text.handle_read_write_registers
                0x00000000080039ac      0x552 ./Core/Src/nanomodbus.o
 .text.handle_read_device_identification
                0x0000000008003efe      0x5ce ./Core/Src/nanomodbus.o
 .text.handle_req_fc
                0x00000000080044cc      0x14c ./Core/Src/nanomodbus.o
 .text.nmbs_callbacks_create
                0x0000000008004618       0x28 ./Core/Src/nanomodbus.o
                0x0000000008004618                nmbs_callbacks_create
 .text.nmbs_server_create
                0x0000000008004640       0x94 ./Core/Src/nanomodbus.o
                0x0000000008004640                nmbs_server_create
 .text.nmbs_server_poll
                0x00000000080046d4       0xac ./Core/Src/nanomodbus.o
                0x00000000080046d4                nmbs_server_poll
 .text.MX_RTC_Init
                0x0000000008004780       0xd8 ./Core/Src/rtc.o
                0x0000000008004780                MX_RTC_Init
 .text.HAL_RTC_MspInit
                0x0000000008004858       0x7c ./Core/Src/rtc.o
                0x0000000008004858                HAL_RTC_MspInit
 .text.HAL_MspInit
                0x00000000080048d4       0x54 ./Core/Src/stm32g0xx_hal_msp.o
                0x00000000080048d4                HAL_MspInit
 .text.NMI_Handler
                0x0000000008004928        0x6 ./Core/Src/stm32g0xx_it.o
                0x0000000008004928                NMI_Handler
 .text.HardFault_Handler
                0x000000000800492e        0x6 ./Core/Src/stm32g0xx_it.o
                0x000000000800492e                HardFault_Handler
 .text.SVC_Handler
                0x0000000008004934        0xa ./Core/Src/stm32g0xx_it.o
                0x0000000008004934                SVC_Handler
 .text.PendSV_Handler
                0x000000000800493e        0xa ./Core/Src/stm32g0xx_it.o
                0x000000000800493e                PendSV_Handler
 .text.SysTick_Handler
                0x0000000008004948        0xe ./Core/Src/stm32g0xx_it.o
                0x0000000008004948                SysTick_Handler
 .text.USART2_IRQHandler
                0x0000000008004956        0xe ./Core/Src/stm32g0xx_it.o
                0x0000000008004956                USART2_IRQHandler
 .text.SystemInit
                0x0000000008004964        0xa ./Core/Src/system_stm32g0xx.o
                0x0000000008004964                SystemInit
 *fill*         0x000000000800496e        0x2 
 .text.MX_USART1_UART_Init
                0x0000000008004970       0x9c ./Core/Src/usart.o
                0x0000000008004970                MX_USART1_UART_Init
 .text.MX_USART2_UART_Init
                0x0000000008004a0c       0x68 ./Core/Src/usart.o
                0x0000000008004a0c                MX_USART2_UART_Init
 .text.HAL_UART_MspInit
                0x0000000008004a74      0x144 ./Core/Src/usart.o
                0x0000000008004a74                HAL_UART_MspInit
 .text.Reset_Handler
                0x0000000008004bb8       0x50 ./Core/Startup/startup_stm32g030f6px.o
                0x0000000008004bb8                Reset_Handler
 .text.Default_Handler
                0x0000000008004c08        0x2 ./Core/Startup/startup_stm32g030f6px.o
                0x0000000008004c08                TIM1_CC_IRQHandler
                0x0000000008004c08                I2C1_IRQHandler
                0x0000000008004c08                RTC_TAMP_IRQHandler
                0x0000000008004c08                SPI1_IRQHandler
                0x0000000008004c08                DMA1_Ch4_5_DMAMUX1_OVR_IRQHandler
                0x0000000008004c08                EXTI2_3_IRQHandler
                0x0000000008004c08                ADC1_IRQHandler
                0x0000000008004c08                I2C2_IRQHandler
                0x0000000008004c08                TIM17_IRQHandler
                0x0000000008004c08                TIM16_IRQHandler
                0x0000000008004c08                TIM3_IRQHandler
                0x0000000008004c08                EXTI4_15_IRQHandler
                0x0000000008004c08                RCC_IRQHandler
                0x0000000008004c08                DMA1_Channel1_IRQHandler
                0x0000000008004c08                Default_Handler
                0x0000000008004c08                TIM14_IRQHandler
                0x0000000008004c08                EXTI0_1_IRQHandler
                0x0000000008004c08                SPI2_IRQHandler
                0x0000000008004c08                WWDG_IRQHandler
                0x0000000008004c08                DMA1_Channel2_3_IRQHandler
                0x0000000008004c08                FLASH_IRQHandler
                0x0000000008004c08                USART1_IRQHandler
                0x0000000008004c08                TIM1_BRK_UP_TRG_COM_IRQHandler
 *fill*         0x0000000008004c0a        0x2 
 .text.HAL_Init
                0x0000000008004c0c       0x40 ./Drivers/STM32G0xx_HAL_Driver/Src/stm32g0xx_hal.o
                0x0000000008004c0c                HAL_Init
 .text.HAL_InitTick
                0x0000000008004c4c       0x94 ./Drivers/STM32G0xx_HAL_Driver/Src/stm32g0xx_hal.o
                0x0000000008004c4c                HAL_InitTick
 .text.HAL_IncTick
                0x0000000008004ce0       0x24 ./Drivers/STM32G0xx_HAL_Driver/Src/stm32g0xx_hal.o
                0x0000000008004ce0                HAL_IncTick
 .text.HAL_GetTick
                0x0000000008004d04       0x14 ./Drivers/STM32G0xx_HAL_Driver/Src/stm32g0xx_hal.o
                0x0000000008004d04                HAL_GetTick
 .text.HAL_GetUIDw0
                0x0000000008004d18       0x14 ./Drivers/STM32G0xx_HAL_Driver/Src/stm32g0xx_hal.o
                0x0000000008004d18                HAL_GetUIDw0
 .text.HAL_GetUIDw1
                0x0000000008004d2c       0x14 ./Drivers/STM32G0xx_HAL_Driver/Src/stm32g0xx_hal.o
                0x0000000008004d2c                HAL_GetUIDw1
 .text.HAL_GetUIDw2
                0x0000000008004d40       0x14 ./Drivers/STM32G0xx_HAL_Driver/Src/stm32g0xx_hal.o
                0x0000000008004d40                HAL_GetUIDw2
 .text.HAL_SYSCFG_EnableRemap
                0x0000000008004d54       0x20 ./Drivers/STM32G0xx_HAL_Driver/Src/stm32g0xx_hal.o
                0x0000000008004d54                HAL_SYSCFG_EnableRemap
 .text.__NVIC_EnableIRQ
                0x0000000008004d74       0x34 ./Drivers/STM32G0xx_HAL_Driver/Src/stm32g0xx_hal_cortex.o
 .text.__NVIC_SetPriority
                0x0000000008004da8       0xdc ./Drivers/STM32G0xx_HAL_Driver/Src/stm32g0xx_hal_cortex.o
 .text.SysTick_Config
                0x0000000008004e84       0x48 ./Drivers/STM32G0xx_HAL_Driver/Src/stm32g0xx_hal_cortex.o
 .text.HAL_NVIC_SetPriority
                0x0000000008004ecc       0x2a ./Drivers/STM32G0xx_HAL_Driver/Src/stm32g0xx_hal_cortex.o
                0x0000000008004ecc                HAL_NVIC_SetPriority
 .text.HAL_NVIC_EnableIRQ
                0x0000000008004ef6       0x20 ./Drivers/STM32G0xx_HAL_Driver/Src/stm32g0xx_hal_cortex.o
                0x0000000008004ef6                HAL_NVIC_EnableIRQ
 .text.HAL_SYSTICK_Config
                0x0000000008004f16       0x1a ./Drivers/STM32G0xx_HAL_Driver/Src/stm32g0xx_hal_cortex.o
                0x0000000008004f16                HAL_SYSTICK_Config
 .text.HAL_GPIO_Init
                0x0000000008004f30      0x2c8 ./Drivers/STM32G0xx_HAL_Driver/Src/stm32g0xx_hal_gpio.o
                0x0000000008004f30                HAL_GPIO_Init
 .text.HAL_GPIO_WritePin
                0x00000000080051f8       0x3a ./Drivers/STM32G0xx_HAL_Driver/Src/stm32g0xx_hal_gpio.o
                0x00000000080051f8                HAL_GPIO_WritePin
 *fill*         0x0000000008005232        0x2 
 .text.HAL_PWR_EnableBkUpAccess
                0x0000000008005234       0x1c ./Drivers/STM32G0xx_HAL_Driver/Src/stm32g0xx_hal_pwr.o
                0x0000000008005234                HAL_PWR_EnableBkUpAccess
 .text.HAL_PWREx_ControlVoltageScaling
                0x0000000008005250       0x80 ./Drivers/STM32G0xx_HAL_Driver/Src/stm32g0xx_hal_pwr_ex.o
                0x0000000008005250                HAL_PWREx_ControlVoltageScaling
 .text.LL_RCC_GetAPB1Prescaler
                0x00000000080052d0       0x18 ./Drivers/STM32G0xx_HAL_Driver/Src/stm32g0xx_hal_rcc.o
 .text.HAL_RCC_OscConfig
                0x00000000080052e8      0x620 ./Drivers/STM32G0xx_HAL_Driver/Src/stm32g0xx_hal_rcc.o
                0x00000000080052e8                HAL_RCC_OscConfig
 .text.HAL_RCC_ClockConfig
                0x0000000008005908      0x210 ./Drivers/STM32G0xx_HAL_Driver/Src/stm32g0xx_hal_rcc.o
                0x0000000008005908                HAL_RCC_ClockConfig
 .text.HAL_RCC_GetSysClockFreq
                0x0000000008005b18      0x104 ./Drivers/STM32G0xx_HAL_Driver/Src/stm32g0xx_hal_rcc.o
                0x0000000008005b18                HAL_RCC_GetSysClockFreq
 .text.HAL_RCC_GetHCLKFreq
                0x0000000008005c1c       0x14 ./Drivers/STM32G0xx_HAL_Driver/Src/stm32g0xx_hal_rcc.o
                0x0000000008005c1c                HAL_RCC_GetHCLKFreq
 .text.HAL_RCC_GetPCLK1Freq
                0x0000000008005c30       0x2c ./Drivers/STM32G0xx_HAL_Driver/Src/stm32g0xx_hal_rcc.o
                0x0000000008005c30                HAL_RCC_GetPCLK1Freq
 .text.HAL_RCCEx_PeriphCLKConfig
                0x0000000008005c5c      0x24c ./Drivers/STM32G0xx_HAL_Driver/Src/stm32g0xx_hal_rcc_ex.o
                0x0000000008005c5c                HAL_RCCEx_PeriphCLKConfig
 .text.HAL_RTC_Init
                0x0000000008005ea8      0x144 ./Drivers/STM32G0xx_HAL_Driver/Src/stm32g0xx_hal_rtc.o
                0x0000000008005ea8                HAL_RTC_Init
 .text.HAL_RTC_SetTime
                0x0000000008005fec      0x150 ./Drivers/STM32G0xx_HAL_Driver/Src/stm32g0xx_hal_rtc.o
                0x0000000008005fec                HAL_RTC_SetTime
 .text.HAL_RTC_SetDate
                0x000000000800613c      0x124 ./Drivers/STM32G0xx_HAL_Driver/Src/stm32g0xx_hal_rtc.o
                0x000000000800613c                HAL_RTC_SetDate
 .text.HAL_RTC_WaitForSynchro
                0x0000000008006260       0x4c ./Drivers/STM32G0xx_HAL_Driver/Src/stm32g0xx_hal_rtc.o
                0x0000000008006260                HAL_RTC_WaitForSynchro
 .text.RTC_EnterInitMode
                0x00000000080062ac       0x84 ./Drivers/STM32G0xx_HAL_Driver/Src/stm32g0xx_hal_rtc.o
                0x00000000080062ac                RTC_EnterInitMode
 .text.RTC_ExitInitMode
                0x0000000008006330       0x88 ./Drivers/STM32G0xx_HAL_Driver/Src/stm32g0xx_hal_rtc.o
                0x0000000008006330                RTC_ExitInitMode
 .text.RTC_ByteToBcd2
                0x00000000080063b8       0x50 ./Drivers/STM32G0xx_HAL_Driver/Src/stm32g0xx_hal_rtc.o
                0x00000000080063b8                RTC_ByteToBcd2
 .text.HAL_UART_Init
                0x0000000008006408       0xac ./Drivers/STM32G0xx_HAL_Driver/Src/stm32g0xx_hal_uart.o
                0x0000000008006408                HAL_UART_Init
 .text.HAL_UART_Transmit
                0x00000000080064b4      0x15c ./Drivers/STM32G0xx_HAL_Driver/Src/stm32g0xx_hal_uart.o
                0x00000000080064b4                HAL_UART_Transmit
 .text.UART_SetConfig
                0x0000000008006610      0x2d4 ./Drivers/STM32G0xx_HAL_Driver/Src/stm32g0xx_hal_uart.o
                0x0000000008006610                UART_SetConfig
 .text.UART_AdvFeatureConfig
                0x00000000080068e4      0x168 ./Drivers/STM32G0xx_HAL_Driver/Src/stm32g0xx_hal_uart.o
                0x00000000080068e4                UART_AdvFeatureConfig
 .text.UART_CheckIdleState
                0x0000000008006a4c      0x154 ./Drivers/STM32G0xx_HAL_Driver/Src/stm32g0xx_hal_uart.o
                0x0000000008006a4c                UART_CheckIdleState
 .text.UART_WaitOnFlagUntilTimeout
                0x0000000008006ba0       0xde ./Drivers/STM32G0xx_HAL_Driver/Src/stm32g0xx_hal_uart.o
                0x0000000008006ba0                UART_WaitOnFlagUntilTimeout
 *fill*         0x0000000008006c7e        0x2 
 .text.UART_EndRxTransfer
                0x0000000008006c80       0xcc ./Drivers/STM32G0xx_HAL_Driver/Src/stm32g0xx_hal_uart.o
 .text.HAL_UARTEx_DisableFifoMode
                0x0000000008006d4c       0x74 ./Drivers/STM32G0xx_HAL_Driver/Src/stm32g0xx_hal_uart_ex.o
                0x0000000008006d4c                HAL_UARTEx_DisableFifoMode
 .text.HAL_UARTEx_SetTxFifoThreshold
                0x0000000008006dc0       0x7e ./Drivers/STM32G0xx_HAL_Driver/Src/stm32g0xx_hal_uart_ex.o
                0x0000000008006dc0                HAL_UARTEx_SetTxFifoThreshold
 *fill*         0x0000000008006e3e        0x2 
 .text.HAL_UARTEx_SetRxFifoThreshold
                0x0000000008006e40       0x84 ./Drivers/STM32G0xx_HAL_Driver/Src/stm32g0xx_hal_uart_ex.o
                0x0000000008006e40                HAL_UARTEx_SetRxFifoThreshold
 .text.UARTEx_SetNbDataToProcess
                0x0000000008006ec4       0xbc ./Drivers/STM32G0xx_HAL_Driver/Src/stm32g0xx_hal_uart_ex.o
 .text.memcmp   0x0000000008006f80       0x1c /opt/st/stm32cubeide_1.13.1/plugins/com.st.stm32cube.ide.mcu.externaltools.gnu-tools-for-stm32.11.3.rel1.linux64_1.1.0.202305231506/tools/bin/../lib/gcc/arm-none-eabi/11.3.1/../../../../arm-none-eabi/lib/thumb/v6-m/nofp/libc_nano.a(libc_a-memcmp.o)
                0x0000000008006f80                memcmp
 .text.memset   0x0000000008006f9c       0x10 /opt/st/stm32cubeide_1.13.1/plugins/com.st.stm32cube.ide.mcu.externaltools.gnu-tools-for-stm32.11.3.rel1.linux64_1.1.0.202305231506/tools/bin/../lib/gcc/arm-none-eabi/11.3.1/../../../../arm-none-eabi/lib/thumb/v6-m/nofp/libc_nano.a(libc_a-memset.o)
                0x0000000008006f9c                memset
 .text.strncpy  0x0000000008006fac       0x28 /opt/st/stm32cubeide_1.13.1/plugins/com.st.stm32cube.ide.mcu.externaltools.gnu-tools-for-stm32.11.3.rel1.linux64_1.1.0.202305231506/tools/bin/../lib/gcc/arm-none-eabi/11.3.1/../../../../arm-none-eabi/lib/thumb/v6-m/nofp/libc_nano.a(libc_a-strncpy.o)
                0x0000000008006fac                strncpy
 .text.__libc_init_array
                0x0000000008006fd4       0x48 /opt/st/stm32cubeide_1.13.1/plugins/com.st.stm32cube.ide.mcu.externaltools.gnu-tools-for-stm32.11.3.rel1.linux64_1.1.0.202305231506/tools/bin/../lib/gcc/arm-none-eabi/11.3.1/../../../../arm-none-eabi/lib/thumb/v6-m/nofp/libc_nano.a(libc_a-init.o)
                0x0000000008006fd4                __libc_init_array
 .text.memcpy   0x000000000800701c       0x12 /opt/st/stm32cubeide_1.13.1/plugins/com.st.stm32cube.ide.mcu.externaltools.gnu-tools-for-stm32.11.3.rel1.linux64_1.1.0.202305231506/tools/bin/../lib/gcc/arm-none-eabi/11.3.1/../../../../arm-none-eabi/lib/thumb/v6-m/nofp/libc_nano.a(libc_a-memcpy-stub.o)
                0x000000000800701c                memcpy
 *(.glue_7)
 .glue_7        0x000000000800702e        0x0 linker stubs
 *(.glue_7t)
 .glue_7t       0x000000000800702e        0x0 linker stubs
 *(.eh_frame)
 *fill*         0x000000000800702e        0x2 
 .eh_frame      0x0000000008007030        0x0 /opt/st/stm32cubeide_1.13.1/plugins/com.st.stm32cube.ide.mcu.externaltools.gnu-tools-for-stm32.11.3.rel1.linux64_1.1.0.202305231506/tools/bin/../lib/gcc/arm-none-eabi/11.3.1/thumb/v6-m/nofp/crtbegin.o
 *(.init)
 .init          0x0000000008007030        0x4 /opt/st/stm32cubeide_1.13.1/plugins/com.st.stm32cube.ide.mcu.externaltools.gnu-tools-for-stm32.11.3.rel1.linux64_1.1.0.202305231506/tools/bin/../lib/gcc/arm-none-eabi/11.3.1/thumb/v6-m/nofp/crti.o
                0x0000000008007030                _init
 .init          0x0000000008007034        0x8 /opt/st/stm32cubeide_1.13.1/plugins/com.st.stm32cube.ide.mcu.externaltools.gnu-tools-for-stm32.11.3.rel1.linux64_1.1.0.202305231506/tools/bin/../lib/gcc/arm-none-eabi/11.3.1/thumb/v6-m/nofp/crtn.o
 *(.fini)
 .fini          0x000000000800703c        0x4 /opt/st/stm32cubeide_1.13.1/plugins/com.st.stm32cube.ide.mcu.externaltools.gnu-tools-for-stm32.11.3.rel1.linux64_1.1.0.202305231506/tools/bin/../lib/gcc/arm-none-eabi/11.3.1/thumb/v6-m/nofp/crti.o
                0x000000000800703c                _fini
 .fini          0x0000000008007040        0x8 /opt/st/stm32cubeide_1.13.1/plugins/com.st.stm32cube.ide.mcu.externaltools.gnu-tools-for-stm32.11.3.rel1.linux64_1.1.0.202305231506/tools/bin/../lib/gcc/arm-none-eabi/11.3.1/thumb/v6-m/nofp/crtn.o
                0x0000000008007048                . = ALIGN (0x4)
                0x0000000008007048                _etext = .

.vfp11_veneer   0x0000000008007048        0x0
 .vfp11_veneer  0x0000000008007048        0x0 linker stubs

.v4_bx          0x0000000008007048        0x0
 .v4_bx         0x0000000008007048        0x0 linker stubs

.iplt           0x0000000008007048        0x0
 .iplt          0x0000000008007048        0x0 /opt/st/stm32cubeide_1.13.1/plugins/com.st.stm32cube.ide.mcu.externaltools.gnu-tools-for-stm32.11.3.rel1.linux64_1.1.0.202305231506/tools/bin/../lib/gcc/arm-none-eabi/11.3.1/thumb/v6-m/nofp/crtbegin.o

.rodata         0x0000000008007048      0x138
                0x0000000008007048                . = ALIGN (0x4)
 *(.rodata)
 *(.rodata*)
 .rodata.handle_req_fc
                0x0000000008007048       0xb0 ./Core/Src/nanomodbus.o
 .rodata.AHBPrescTable
                0x00000000080070f8       0x40 ./Core/Src/system_stm32g0xx.o
                0x00000000080070f8                AHBPrescTable
 .rodata.APBPrescTable
                0x0000000008007138       0x20 ./Core/Src/system_stm32g0xx.o
                0x0000000008007138                APBPrescTable
 .rodata.UARTPrescTable
                0x0000000008007158       0x18 ./Drivers/STM32G0xx_HAL_Driver/Src/stm32g0xx_hal_uart.o
                0x0000000008007158                UARTPrescTable
 .rodata.numerator.1
                0x0000000008007170        0x8 ./Drivers/STM32G0xx_HAL_Driver/Src/stm32g0xx_hal_uart_ex.o
 .rodata.denominator.0
                0x0000000008007178        0x8 ./Drivers/STM32G0xx_HAL_Driver/Src/stm32g0xx_hal_uart_ex.o
                0x0000000008007180                . = ALIGN (0x4)

.rel.dyn        0x0000000008007180        0x0
 .rel.iplt      0x0000000008007180        0x0 /opt/st/stm32cubeide_1.13.1/plugins/com.st.stm32cube.ide.mcu.externaltools.gnu-tools-for-stm32.11.3.rel1.linux64_1.1.0.202305231506/tools/bin/../lib/gcc/arm-none-eabi/11.3.1/thumb/v6-m/nofp/crtbegin.o

.ARM.extab      0x0000000008007180        0x0
                0x0000000008007180                . = ALIGN (0x4)
 *(.ARM.extab* .gnu.linkonce.armextab.*)
                0x0000000008007180                . = ALIGN (0x4)

.ARM            0x0000000008007180        0x0
                0x0000000008007180                . = ALIGN (0x4)
                0x0000000008007180                __exidx_start = .
 *(.ARM.exidx*)
                0x0000000008007180                __exidx_end = .
                0x0000000008007180                . = ALIGN (0x4)

.preinit_array  0x0000000008007180        0x0
                0x0000000008007180                . = ALIGN (0x4)
                0x0000000008007180                PROVIDE (__preinit_array_start = .)
 *(.preinit_array*)
                0x0000000008007180                PROVIDE (__preinit_array_end = .)
                0x0000000008007180                . = ALIGN (0x4)

.init_array     0x0000000008007180        0x4
                0x0000000008007180                . = ALIGN (0x4)
                0x0000000008007180                PROVIDE (__init_array_start = .)
 *(SORT_BY_NAME(.init_array.*))
 *(.init_array*)
 .init_array    0x0000000008007180        0x4 /opt/st/stm32cubeide_1.13.1/plugins/com.st.stm32cube.ide.mcu.externaltools.gnu-tools-for-stm32.11.3.rel1.linux64_1.1.0.202305231506/tools/bin/../lib/gcc/arm-none-eabi/11.3.1/thumb/v6-m/nofp/crtbegin.o
                0x0000000008007184                PROVIDE (__init_array_end = .)
                0x0000000008007184                . = ALIGN (0x4)

.fini_array     0x0000000008007184        0x4
                0x0000000008007184                . = ALIGN (0x4)
                [!provide]                        PROVIDE (__fini_array_start = .)
 *(SORT_BY_NAME(.fini_array.*))
 *(.fini_array*)
 .fini_array    0x0000000008007184        0x4 /opt/st/stm32cubeide_1.13.1/plugins/com.st.stm32cube.ide.mcu.externaltools.gnu-tools-for-stm32.11.3.rel1.linux64_1.1.0.202305231506/tools/bin/../lib/gcc/arm-none-eabi/11.3.1/thumb/v6-m/nofp/crtbegin.o
                [!provide]                        PROVIDE (__fini_array_end = .)
                0x0000000008007188                . = ALIGN (0x4)
                0x0000000008007188                _sidata = LOADADDR (.data)

.data           0x0000000020000000       0x10 load address 0x0000000008007188
                0x0000000020000000                . = ALIGN (0x4)
                0x0000000020000000                _sdata = .
 *(.data)
 *(.data*)
 .data.fw_version
                0x0000000020000000        0x2 ./Core/Src/modbus_slave.o
 *fill*         0x0000000020000002        0x2 
 .data.SystemCoreClock
                0x0000000020000004        0x4 ./Core/Src/system_stm32g0xx.o
                0x0000000020000004                SystemCoreClock
 .data.uwTickPrio
                0x0000000020000008        0x4 ./Drivers/STM32G0xx_HAL_Driver/Src/stm32g0xx_hal.o
                0x0000000020000008                uwTickPrio
 .data.uwTickFreq
                0x000000002000000c        0x1 ./Drivers/STM32G0xx_HAL_Driver/Src/stm32g0xx_hal.o
                0x000000002000000c                uwTickFreq
 *(.RamFunc)
 *(.RamFunc*)
                0x0000000020000010                . = ALIGN (0x4)
 *fill*         0x000000002000000d        0x3 
                0x0000000020000010                _edata = .

.igot.plt       0x0000000020000010        0x0 load address 0x0000000008007198
 .igot.plt      0x0000000020000010        0x0 /opt/st/stm32cubeide_1.13.1/plugins/com.st.stm32cube.ide.mcu.externaltools.gnu-tools-for-stm32.11.3.rel1.linux64_1.1.0.202305231506/tools/bin/../lib/gcc/arm-none-eabi/11.3.1/thumb/v6-m/nofp/crtbegin.o
                0x0000000020000010                . = ALIGN (0x4)

.bss            0x0000000020000010      0x440 load address 0x0000000008007198
                0x0000000020000010                _sbss = .
                0x0000000020000010                __bss_start__ = _sbss
 *(.bss)
 .bss           0x0000000020000010       0x1c /opt/st/stm32cubeide_1.13.1/plugins/com.st.stm32cube.ide.mcu.externaltools.gnu-tools-for-stm32.11.3.rel1.linux64_1.1.0.202305231506/tools/bin/../lib/gcc/arm-none-eabi/11.3.1/thumb/v6-m/nofp/crtbegin.o
 *(.bss*)
 .bss.rx_buffer
                0x000000002000002c      0x100 ./Core/Src/modbus_slave.o
 .bss.rx_head   0x000000002000012c        0x2 ./Core/Src/modbus_slave.o
 .bss.rx_tail   0x000000002000012e        0x2 ./Core/Src/modbus_slave.o
 .bss.nmbs      0x0000000020000130      0x170 ./Core/Src/modbus_slave.o
 .bss.platform_conf
                0x00000000200002a0       0x1c ./Core/Src/modbus_slave.o
 .bss.callbacks
                0x00000000200002bc       0x38 ./Core/Src/modbus_slave.o
 .bss.uid_32bit
                0x00000000200002f4        0x4 ./Core/Src/modbus_slave.o
 .bss.hrtc      0x00000000200002f8       0x2c ./Core/Src/rtc.o
                0x00000000200002f8                hrtc
 .bss.huart1    0x0000000020000324       0x94 ./Core/Src/usart.o
                0x0000000020000324                huart1
 .bss.huart2    0x00000000200003b8       0x94 ./Core/Src/usart.o
                0x00000000200003b8                huart2
 .bss.uwTick    0x000000002000044c        0x4 ./Drivers/STM32G0xx_HAL_Driver/Src/stm32g0xx_hal.o
                0x000000002000044c                uwTick
 *(COMMON)
                0x0000000020000450                . = ALIGN (0x4)
                0x0000000020000450                _ebss = .
                0x0000000020000450                __bss_end__ = _ebss

._user_heap_stack
                0x0000000020000450      0x600 load address 0x0000000008007198
                0x0000000020000450                . = ALIGN (0x8)
                [!provide]                        PROVIDE (end = .)
                0x0000000020000450                PROVIDE (_end = .)
                0x0000000020000650                . = (. + _Min_Heap_Size)
 *fill*         0x0000000020000450      0x200 
                0x0000000020000a50                . = (. + _Min_Stack_Size)
 *fill*         0x0000000020000650      0x400 
                0x0000000020000a50                . = ALIGN (0x8)

/DISCARD/
 libc.a(*)
 libm.a(*)
 libgcc.a(*)

.ARM.attributes
                0x0000000000000000       0x28
 *(.ARM.attributes)
 .ARM.attributes
                0x0000000000000000       0x1e /opt/st/stm32cubeide_1.13.1/plugins/com.st.stm32cube.ide.mcu.externaltools.gnu-tools-for-stm32.11.3.rel1.linux64_1.1.0.202305231506/tools/bin/../lib/gcc/arm-none-eabi/11.3.1/thumb/v6-m/nofp/crti.o
 .ARM.attributes
                0x000000000000001e       0x2c /opt/st/stm32cubeide_1.13.1/plugins/com.st.stm32cube.ide.mcu.externaltools.gnu-tools-for-stm32.11.3.rel1.linux64_1.1.0.202305231506/tools/bin/../lib/gcc/arm-none-eabi/11.3.1/thumb/v6-m/nofp/crtbegin.o
 .ARM.attributes
                0x000000000000004a       0x2c ./Core/Src/gpio.o
 .ARM.attributes
                0x0000000000000076       0x2c ./Core/Src/main.o
 .ARM.attributes
                0x00000000000000a2       0x2c ./Core/Src/modbus_slave.o
 .ARM.attributes
                0x00000000000000ce       0x2c ./Core/Src/nanomodbus.o
 .ARM.attributes
                0x00000000000000fa       0x2c ./Core/Src/rtc.o
 .ARM.attributes
                0x0000000000000126       0x2c ./Core/Src/stm32g0xx_hal_msp.o
 .ARM.attributes
                0x0000000000000152       0x2c ./Core/Src/stm32g0xx_it.o
 .ARM.attributes
                0x000000000000017e       0x2c ./Core/Src/system_stm32g0xx.o
 .ARM.attributes
                0x00000000000001aa       0x2c ./Core/Src/usart.o
 .ARM.attributes
                0x00000000000001d6       0x22 ./Core/Startup/startup_stm32g030f6px.o
 .ARM.attributes
                0x00000000000001f8       0x2c ./Drivers/STM32G0xx_HAL_Driver/Src/stm32g0xx_hal.o
 .ARM.attributes
                0x0000000000000224       0x2c ./Drivers/STM32G0xx_HAL_Driver/Src/stm32g0xx_hal_cortex.o
 .ARM.attributes
                0x0000000000000250       0x2c ./Drivers/STM32G0xx_HAL_Driver/Src/stm32g0xx_hal_gpio.o
 .ARM.attributes
                0x000000000000027c       0x2c ./Drivers/STM32G0xx_HAL_Driver/Src/stm32g0xx_hal_pwr.o
 .ARM.attributes
                0x00000000000002a8       0x2c ./Drivers/STM32G0xx_HAL_Driver/Src/stm32g0xx_hal_pwr_ex.o
 .ARM.attributes
                0x00000000000002d4       0x2c ./Drivers/STM32G0xx_HAL_Driver/Src/stm32g0xx_hal_rcc.o
 .ARM.attributes
                0x0000000000000300       0x2c ./Drivers/STM32G0xx_HAL_Driver/Src/stm32g0xx_hal_rcc_ex.o
 .ARM.attributes
                0x000000000000032c       0x2c ./Drivers/STM32G0xx_HAL_Driver/Src/stm32g0xx_hal_rtc.o
 .ARM.attributes
                0x0000000000000358       0x2c ./Drivers/STM32G0xx_HAL_Driver/Src/stm32g0xx_hal_uart.o
 .ARM.attributes
                0x0000000000000384       0x2c ./Drivers/STM32G0xx_HAL_Driver/Src/stm32g0xx_hal_uart_ex.o
 .ARM.attributes
                0x00000000000003b0       0x2c /opt/st/stm32cubeide_1.13.1/plugins/com.st.stm32cube.ide.mcu.externaltools.gnu-tools-for-stm32.11.3.rel1.linux64_1.1.0.202305231506/tools/bin/../lib/gcc/arm-none-eabi/11.3.1/../../../../arm-none-eabi/lib/thumb/v6-m/nofp/libc_nano.a(libc_a-memcmp.o)
 .ARM.attributes
                0x00000000000003dc       0x2c /opt/st/stm32cubeide_1.13.1/plugins/com.st.stm32cube.ide.mcu.externaltools.gnu-tools-for-stm32.11.3.rel1.linux64_1.1.0.202305231506/tools/bin/../lib/gcc/arm-none-eabi/11.3.1/../../../../arm-none-eabi/lib/thumb/v6-m/nofp/libc_nano.a(libc_a-memset.o)
 .ARM.attributes
                0x0000000000000408       0x2c /opt/st/stm32cubeide_1.13.1/plugins/com.st.stm32cube.ide.mcu.externaltools.gnu-tools-for-stm32.11.3.rel1.linux64_1.1.0.202305231506/tools/bin/../lib/gcc/arm-none-eabi/11.3.1/../../../../arm-none-eabi/lib/thumb/v6-m/nofp/libc_nano.a(libc_a-strncpy.o)
 .ARM.attributes
                0x0000000000000434       0x2c /opt/st/stm32cubeide_1.13.1/plugins/com.st.stm32cube.ide.mcu.externaltools.gnu-tools-for-stm32.11.3.rel1.linux64_1.1.0.202305231506/tools/bin/../lib/gcc/arm-none-eabi/11.3.1/../../../../arm-none-eabi/lib/thumb/v6-m/nofp/libc_nano.a(libc_a-init.o)
 .ARM.attributes
                0x0000000000000460       0x2c /opt/st/stm32cubeide_1.13.1/plugins/com.st.stm32cube.ide.mcu.externaltools.gnu-tools-for-stm32.11.3.rel1.linux64_1.1.0.202305231506/tools/bin/../lib/gcc/arm-none-eabi/11.3.1/../../../../arm-none-eabi/lib/thumb/v6-m/nofp/libc_nano.a(libc_a-memcpy-stub.o)
 .ARM.attributes
                0x000000000000048c       0x1c /opt/st/stm32cubeide_1.13.1/plugins/com.st.stm32cube.ide.mcu.externaltools.gnu-tools-for-stm32.11.3.rel1.linux64_1.1.0.202305231506/tools/bin/../lib/gcc/arm-none-eabi/11.3.1/../../../../arm-none-eabi/lib/thumb/v6-m/nofp/libc_nano.a(libc_a-strlen.o)
 .ARM.attributes
                0x00000000000004a8       0x1e /opt/st/stm32cubeide_1.13.1/plugins/com.st.stm32cube.ide.mcu.externaltools.gnu-tools-for-stm32.11.3.rel1.linux64_1.1.0.202305231506/tools/bin/../lib/gcc/arm-none-eabi/11.3.1/thumb/v6-m/nofp/libgcc.a(_udivsi3.o)
 .ARM.attributes
                0x00000000000004c6       0x1e /opt/st/stm32cubeide_1.13.1/plugins/com.st.stm32cube.ide.mcu.externaltools.gnu-tools-for-stm32.11.3.rel1.linux64_1.1.0.202305231506/tools/bin/../lib/gcc/arm-none-eabi/11.3.1/thumb/v6-m/nofp/libgcc.a(_divsi3.o)
 .ARM.attributes
                0x00000000000004e4       0x1e /opt/st/stm32cubeide_1.13.1/plugins/com.st.stm32cube.ide.mcu.externaltools.gnu-tools-for-stm32.11.3.rel1.linux64_1.1.0.202305231506/tools/bin/../lib/gcc/arm-none-eabi/11.3.1/thumb/v6-m/nofp/libgcc.a(_dvmd_tls.o)
 .ARM.attributes
                0x0000000000000502       0x1e /opt/st/stm32cubeide_1.13.1/plugins/com.st.stm32cube.ide.mcu.externaltools.gnu-tools-for-stm32.11.3.rel1.linux64_1.1.0.202305231506/tools/bin/../lib/gcc/arm-none-eabi/11.3.1/thumb/v6-m/nofp/crtn.o
OUTPUT(01-RTC.elf elf32-littlearm)
LOAD linker stubs
LOAD /opt/st/stm32cubeide_1.13.1/plugins/com.st.stm32cube.ide.mcu.externaltools.gnu-tools-for-stm32.11.3.rel1.linux64_1.1.0.202305231506/tools/bin/../lib/gcc/arm-none-eabi/11.3.1/../../../../arm-none-eabi/lib/thumb/v6-m/nofp/libc.a
LOAD /opt/st/stm32cubeide_1.13.1/plugins/com.st.stm32cube.ide.mcu.externaltools.gnu-tools-for-stm32.11.3.rel1.linux64_1.1.0.202305231506/tools/bin/../lib/gcc/arm-none-eabi/11.3.1/../../../../arm-none-eabi/lib/thumb/v6-m/nofp/libm.a
LOAD /opt/st/stm32cubeide_1.13.1/plugins/com.st.stm32cube.ide.mcu.externaltools.gnu-tools-for-stm32.11.3.rel1.linux64_1.1.0.202305231506/tools/bin/../lib/gcc/arm-none-eabi/11.3.1/thumb/v6-m/nofp/libgcc.a

.comment        0x0000000000000000       0x43
 .comment       0x0000000000000000       0x43 /opt/st/stm32cubeide_1.13.1/plugins/com.st.stm32cube.ide.mcu.externaltools.gnu-tools-for-stm32.11.3.rel1.linux64_1.1.0.202305231506/tools/bin/../lib/gcc/arm-none-eabi/11.3.1/thumb/v6-m/nofp/crtbegin.o
                                         0x44 (size before relaxing)
 .comment       0x0000000000000043       0x44 ./Core/Src/gpio.o
 .comment       0x0000000000000043       0x44 ./Core/Src/main.o
 .comment       0x0000000000000043       0x44 ./Core/Src/modbus_slave.o
 .comment       0x0000000000000043       0x44 ./Core/Src/nanomodbus.o
 .comment       0x0000000000000043       0x44 ./Core/Src/rtc.o
 .comment       0x0000000000000043       0x44 ./Core/Src/stm32g0xx_hal_msp.o
 .comment       0x0000000000000043       0x44 ./Core/Src/stm32g0xx_it.o
 .comment       0x0000000000000043       0x44 ./Core/Src/system_stm32g0xx.o
 .comment       0x0000000000000043       0x44 ./Core/Src/usart.o
 .comment       0x0000000000000043       0x44 ./Drivers/STM32G0xx_HAL_Driver/Src/stm32g0xx_hal.o
 .comment       0x0000000000000043       0x44 ./Drivers/STM32G0xx_HAL_Driver/Src/stm32g0xx_hal_cortex.o
 .comment       0x0000000000000043       0x44 ./Drivers/STM32G0xx_HAL_Driver/Src/stm32g0xx_hal_gpio.o
 .comment       0x0000000000000043       0x44 ./Drivers/STM32G0xx_HAL_Driver/Src/stm32g0xx_hal_pwr.o
 .comment       0x0000000000000043       0x44 ./Drivers/STM32G0xx_HAL_Driver/Src/stm32g0xx_hal_pwr_ex.o
 .comment       0x0000000000000043       0x44 ./Drivers/STM32G0xx_HAL_Driver/Src/stm32g0xx_hal_rcc.o
 .comment       0x0000000000000043       0x44 ./Drivers/STM32G0xx_HAL_Driver/Src/stm32g0xx_hal_rcc_ex.o
 .comment       0x0000000000000043       0x44 ./Drivers/STM32G0xx_HAL_Driver/Src/stm32g0xx_hal_rtc.o
 .comment       0x0000000000000043       0x44 ./Drivers/STM32G0xx_HAL_Driver/Src/stm32g0xx_hal_uart.o
 .comment       0x0000000000000043       0x44 ./Drivers/STM32G0xx_HAL_Driver/Src/stm32g0xx_hal_uart_ex.o

.debug_info     0x0000000000000000     0xf8f0
 .debug_info    0x0000000000000000      0x3df ./Core/Src/gpio.o
 .debug_info    0x00000000000003df      0x4d2 ./Core/Src/main.o
 .debug_info    0x00000000000008b1     0x1214 ./Core/Src/modbus_slave.o
 .debug_info    0x0000000000001ac5     0x2ab0 ./Core/Src/nanomodbus.o
 .debug_info    0x0000000000004575      0x72d ./Core/Src/rtc.o
 .debug_info    0x0000000000004ca2      0x278 ./Core/Src/stm32g0xx_hal_msp.o
 .debug_info    0x0000000000004f1a      0x12d ./Core/Src/stm32g0xx_it.o
 .debug_info    0x0000000000005047      0x316 ./Core/Src/system_stm32g0xx.o
 .debug_info    0x000000000000535d      0xd38 ./Core/Src/usart.o
 .debug_info    0x0000000000006095       0x23 ./Core/Startup/startup_stm32g030f6px.o
 .debug_info    0x00000000000060b8      0x8f0 ./Drivers/STM32G0xx_HAL_Driver/Src/stm32g0xx_hal.o
 .debug_info    0x00000000000069a8      0x8a9 ./Drivers/STM32G0xx_HAL_Driver/Src/stm32g0xx_hal_cortex.o
 .debug_info    0x0000000000007251      0x5ac ./Drivers/STM32G0xx_HAL_Driver/Src/stm32g0xx_hal_gpio.o
 .debug_info    0x00000000000077fd      0x5aa ./Drivers/STM32G0xx_HAL_Driver/Src/stm32g0xx_hal_pwr.o
 .debug_info    0x0000000000007da7      0x496 ./Drivers/STM32G0xx_HAL_Driver/Src/stm32g0xx_hal_pwr_ex.o
 .debug_info    0x000000000000823d      0xae9 ./Drivers/STM32G0xx_HAL_Driver/Src/stm32g0xx_hal_rcc.o
 .debug_info    0x0000000000008d26      0x73e ./Drivers/STM32G0xx_HAL_Driver/Src/stm32g0xx_hal_rcc_ex.o
 .debug_info    0x0000000000009464      0xc86 ./Drivers/STM32G0xx_HAL_Driver/Src/stm32g0xx_hal_rtc.o
 .debug_info    0x000000000000a0ea     0x4872 ./Drivers/STM32G0xx_HAL_Driver/Src/stm32g0xx_hal_uart.o
 .debug_info    0x000000000000e95c      0xf94 ./Drivers/STM32G0xx_HAL_Driver/Src/stm32g0xx_hal_uart_ex.o

.debug_abbrev   0x0000000000000000     0x27d2
 .debug_abbrev  0x0000000000000000      0x158 ./Core/Src/gpio.o
 .debug_abbrev  0x0000000000000158      0x1a3 ./Core/Src/main.o
 .debug_abbrev  0x00000000000002fb      0x30f ./Core/Src/modbus_slave.o
 .debug_abbrev  0x000000000000060a      0x3aa ./Core/Src/nanomodbus.o
 .debug_abbrev  0x00000000000009b4      0x1bc ./Core/Src/rtc.o
 .debug_abbrev  0x0000000000000b70       0xf9 ./Core/Src/stm32g0xx_hal_msp.o
 .debug_abbrev  0x0000000000000c69       0xc1 ./Core/Src/stm32g0xx_it.o
 .debug_abbrev  0x0000000000000d2a      0x119 ./Core/Src/system_stm32g0xx.o
 .debug_abbrev  0x0000000000000e43      0x233 ./Core/Src/usart.o
 .debug_abbrev  0x0000000000001076       0x12 ./Core/Startup/startup_stm32g030f6px.o
 .debug_abbrev  0x0000000000001088      0x2b4 ./Drivers/STM32G0xx_HAL_Driver/Src/stm32g0xx_hal.o
 .debug_abbrev  0x000000000000133c      0x2ab ./Drivers/STM32G0xx_HAL_Driver/Src/stm32g0xx_hal_cortex.o
 .debug_abbrev  0x00000000000015e7      0x1c3 ./Drivers/STM32G0xx_HAL_Driver/Src/stm32g0xx_hal_gpio.o
 .debug_abbrev  0x00000000000017aa      0x172 ./Drivers/STM32G0xx_HAL_Driver/Src/stm32g0xx_hal_pwr.o
 .debug_abbrev  0x000000000000191c      0x1d7 ./Drivers/STM32G0xx_HAL_Driver/Src/stm32g0xx_hal_pwr_ex.o
 .debug_abbrev  0x0000000000001af3      0x2a9 ./Drivers/STM32G0xx_HAL_Driver/Src/stm32g0xx_hal_rcc.o
 .debug_abbrev  0x0000000000001d9c      0x22b ./Drivers/STM32G0xx_HAL_Driver/Src/stm32g0xx_hal_rcc_ex.o
 .debug_abbrev  0x0000000000001fc7      0x200 ./Drivers/STM32G0xx_HAL_Driver/Src/stm32g0xx_hal_rtc.o
 .debug_abbrev  0x00000000000021c7      0x326 ./Drivers/STM32G0xx_HAL_Driver/Src/stm32g0xx_hal_uart.o
 .debug_abbrev  0x00000000000024ed      0x2e5 ./Drivers/STM32G0xx_HAL_Driver/Src/stm32g0xx_hal_uart_ex.o

.debug_aranges  0x0000000000000000      0xca0
 .debug_aranges
                0x0000000000000000       0x20 ./Core/Src/gpio.o
 .debug_aranges
                0x0000000000000020       0x30 ./Core/Src/main.o
 .debug_aranges
                0x0000000000000050       0x60 ./Core/Src/modbus_slave.o
 .debug_aranges
                0x00000000000000b0      0x2c0 ./Core/Src/nanomodbus.o
 .debug_aranges
                0x0000000000000370       0x30 ./Core/Src/rtc.o
 .debug_aranges
                0x00000000000003a0       0x20 ./Core/Src/stm32g0xx_hal_msp.o
 .debug_aranges
                0x00000000000003c0       0x48 ./Core/Src/stm32g0xx_it.o
 .debug_aranges
                0x0000000000000408       0x28 ./Core/Src/system_stm32g0xx.o
 .debug_aranges
                0x0000000000000430       0x38 ./Core/Src/usart.o
 .debug_aranges
                0x0000000000000468       0x28 ./Core/Startup/startup_stm32g030f6px.o
 .debug_aranges
                0x0000000000000490      0x100 ./Drivers/STM32G0xx_HAL_Driver/Src/stm32g0xx_hal.o
 .debug_aranges
                0x0000000000000590       0xe8 ./Drivers/STM32G0xx_HAL_Driver/Src/stm32g0xx_hal_cortex.o
 .debug_aranges
                0x0000000000000678       0x60 ./Drivers/STM32G0xx_HAL_Driver/Src/stm32g0xx_hal_gpio.o
 .debug_aranges
                0x00000000000006d8       0x78 ./Drivers/STM32G0xx_HAL_Driver/Src/stm32g0xx_hal_pwr.o
 .debug_aranges
                0x0000000000000750       0x98 ./Drivers/STM32G0xx_HAL_Driver/Src/stm32g0xx_hal_pwr_ex.o
 .debug_aranges
                0x00000000000007e8       0xa0 ./Drivers/STM32G0xx_HAL_Driver/Src/stm32g0xx_hal_rcc.o
 .debug_aranges
                0x0000000000000888       0x40 ./Drivers/STM32G0xx_HAL_Driver/Src/stm32g0xx_hal_rcc_ex.o
 .debug_aranges
                0x00000000000008c8       0xe8 ./Drivers/STM32G0xx_HAL_Driver/Src/stm32g0xx_hal_rtc.o
 .debug_aranges
                0x00000000000009b0      0x248 ./Drivers/STM32G0xx_HAL_Driver/Src/stm32g0xx_hal_uart.o
 .debug_aranges
                0x0000000000000bf8       0xa8 ./Drivers/STM32G0xx_HAL_Driver/Src/stm32g0xx_hal_uart_ex.o

.debug_rnglists
                0x0000000000000000      0x9be
 .debug_rnglists
                0x0000000000000000       0x14 ./Core/Src/gpio.o
 .debug_rnglists
                0x0000000000000014       0x20 ./Core/Src/main.o
 .debug_rnglists
                0x0000000000000034       0x48 ./Core/Src/modbus_slave.o
 .debug_rnglists
                0x000000000000007c      0x23c ./Core/Src/nanomodbus.o
 .debug_rnglists
                0x00000000000002b8       0x20 ./Core/Src/rtc.o
 .debug_rnglists
                0x00000000000002d8       0x13 ./Core/Src/stm32g0xx_hal_msp.o
 .debug_rnglists
                0x00000000000002eb       0x31 ./Core/Src/stm32g0xx_it.o
 .debug_rnglists
                0x000000000000031c       0x1a ./Core/Src/system_stm32g0xx.o
 .debug_rnglists
                0x0000000000000336       0x27 ./Core/Src/usart.o
 .debug_rnglists
                0x000000000000035d       0x19 ./Core/Startup/startup_stm32g030f6px.o
 .debug_rnglists
                0x0000000000000376       0xbc ./Drivers/STM32G0xx_HAL_Driver/Src/stm32g0xx_hal.o
 .debug_rnglists
                0x0000000000000432       0xaa ./Drivers/STM32G0xx_HAL_Driver/Src/stm32g0xx_hal_cortex.o
 .debug_rnglists
                0x00000000000004dc       0x45 ./Drivers/STM32G0xx_HAL_Driver/Src/stm32g0xx_hal_gpio.o
 .debug_rnglists
                0x0000000000000521       0x55 ./Drivers/STM32G0xx_HAL_Driver/Src/stm32g0xx_hal_pwr.o
 .debug_rnglists
                0x0000000000000576       0x72 ./Drivers/STM32G0xx_HAL_Driver/Src/stm32g0xx_hal_pwr_ex.o
 .debug_rnglists
                0x00000000000005e8       0x79 ./Drivers/STM32G0xx_HAL_Driver/Src/stm32g0xx_hal_rcc.o
 .debug_rnglists
                0x0000000000000661       0x2f ./Drivers/STM32G0xx_HAL_Driver/Src/stm32g0xx_hal_rcc_ex.o
 .debug_rnglists
                0x0000000000000690       0xb5 ./Drivers/STM32G0xx_HAL_Driver/Src/stm32g0xx_hal_rtc.o
 .debug_rnglists
                0x0000000000000745      0x1f9 ./Drivers/STM32G0xx_HAL_Driver/Src/stm32g0xx_hal_uart.o
 .debug_rnglists
                0x000000000000093e       0x80 ./Drivers/STM32G0xx_HAL_Driver/Src/stm32g0xx_hal_uart_ex.o

.debug_macro    0x0000000000000000    0x15b18
 .debug_macro   0x0000000000000000      0x1f8 ./Core/Src/gpio.o
 .debug_macro   0x00000000000001f8      0xa7e ./Core/Src/gpio.o
 .debug_macro   0x0000000000000c76      0x11d ./Core/Src/gpio.o
 .debug_macro   0x0000000000000d93       0x2e ./Core/Src/gpio.o
 .debug_macro   0x0000000000000dc1       0x28 ./Core/Src/gpio.o
 .debug_macro   0x0000000000000de9       0x22 ./Core/Src/gpio.o
 .debug_macro   0x0000000000000e0b       0x8e ./Core/Src/gpio.o
 .debug_macro   0x0000000000000e99       0x51 ./Core/Src/gpio.o
 .debug_macro   0x0000000000000eea      0x103 ./Core/Src/gpio.o
 .debug_macro   0x0000000000000fed       0x6a ./Core/Src/gpio.o
 .debug_macro   0x0000000000001057      0x1df ./Core/Src/gpio.o
 .debug_macro   0x0000000000001236       0x1c ./Core/Src/gpio.o
 .debug_macro   0x0000000000001252       0x22 ./Core/Src/gpio.o
 .debug_macro   0x0000000000001274       0xd1 ./Core/Src/gpio.o
 .debug_macro   0x0000000000001345      0x4da ./Core/Src/gpio.o
 .debug_macro   0x000000000000181f      0x11f ./Core/Src/gpio.o
 .debug_macro   0x000000000000193e     0xa120 ./Core/Src/gpio.o
 .debug_macro   0x000000000000ba5e       0x66 ./Core/Src/gpio.o
 .debug_macro   0x000000000000bac4     0x3512 ./Core/Src/gpio.o
 .debug_macro   0x000000000000efd6      0x174 ./Core/Src/gpio.o
 .debug_macro   0x000000000000f14a       0x5c ./Core/Src/gpio.o
 .debug_macro   0x000000000000f1a6      0x462 ./Core/Src/gpio.o
 .debug_macro   0x000000000000f608      0xe1a ./Core/Src/gpio.o
 .debug_macro   0x0000000000010422      0x106 ./Core/Src/gpio.o
 .debug_macro   0x0000000000010528      0x1cf ./Core/Src/gpio.o
 .debug_macro   0x00000000000106f7       0xff ./Core/Src/gpio.o
 .debug_macro   0x00000000000107f6      0x33c ./Core/Src/gpio.o
 .debug_macro   0x0000000000010b32      0x202 ./Core/Src/gpio.o
 .debug_macro   0x0000000000010d34      0x2c7 ./Core/Src/gpio.o
 .debug_macro   0x0000000000010ffb      0x198 ./Core/Src/gpio.o
 .debug_macro   0x0000000000011193       0x43 ./Core/Src/gpio.o
 .debug_macro   0x00000000000111d6      0x1f1 ./Core/Src/gpio.o
 .debug_macro   0x00000000000113c7      0x1d6 ./Core/Src/gpio.o
 .debug_macro   0x000000000001159d      0x2a3 ./Core/Src/gpio.o
 .debug_macro   0x0000000000011840       0x28 ./Core/Src/gpio.o
 .debug_macro   0x0000000000011868       0xcf ./Core/Src/gpio.o
 .debug_macro   0x0000000000011937       0xff ./Core/Src/gpio.o
 .debug_macro   0x0000000000011a36      0x10d ./Core/Src/gpio.o
 .debug_macro   0x0000000000011b43      0x328 ./Core/Src/gpio.o
 .debug_macro   0x0000000000011e6b      0x432 ./Core/Src/gpio.o
 .debug_macro   0x000000000001229d       0xf2 ./Core/Src/gpio.o
 .debug_macro   0x000000000001238f      0x693 ./Core/Src/gpio.o
 .debug_macro   0x0000000000012a22       0xa6 ./Core/Src/gpio.o
 .debug_macro   0x0000000000012ac8      0x412 ./Core/Src/gpio.o
 .debug_macro   0x0000000000012eda      0x219 ./Core/Src/main.o
 .debug_macro   0x00000000000130f3       0x10 ./Core/Src/main.o
 .debug_macro   0x0000000000013103      0x2fe ./Core/Src/modbus_slave.o
 .debug_macro   0x0000000000013401       0x22 ./Core/Src/modbus_slave.o
 .debug_macro   0x0000000000013423       0x3b ./Core/Src/modbus_slave.o
 .debug_macro   0x000000000001345e       0x61 ./Core/Src/modbus_slave.o
 .debug_macro   0x00000000000134bf       0x24 ./Core/Src/modbus_slave.o
 .debug_macro   0x00000000000134e3       0x43 ./Core/Src/modbus_slave.o
 .debug_macro   0x0000000000013526       0x34 ./Core/Src/modbus_slave.o
 .debug_macro   0x000000000001355a       0x16 ./Core/Src/modbus_slave.o
 .debug_macro   0x0000000000013570       0x43 ./Core/Src/modbus_slave.o
 .debug_macro   0x00000000000135b3       0x34 ./Core/Src/modbus_slave.o
 .debug_macro   0x00000000000135e7       0x10 ./Core/Src/modbus_slave.o
 .debug_macro   0x00000000000135f7       0x58 ./Core/Src/modbus_slave.o
 .debug_macro   0x000000000001364f       0x8e ./Core/Src/modbus_slave.o
 .debug_macro   0x00000000000136dd       0x1c ./Core/Src/modbus_slave.o
 .debug_macro   0x00000000000136f9      0x177 ./Core/Src/modbus_slave.o
 .debug_macro   0x0000000000013870      0x369 ./Core/Src/modbus_slave.o
 .debug_macro   0x0000000000013bd9       0x10 ./Core/Src/modbus_slave.o
 .debug_macro   0x0000000000013be9       0x35 ./Core/Src/modbus_slave.o
 .debug_macro   0x0000000000013c1e       0x20 ./Core/Src/modbus_slave.o
 .debug_macro   0x0000000000013c3e      0x15a ./Core/Src/nanomodbus.o
 .debug_macro   0x0000000000013d98      0x1f8 ./Core/Src/rtc.o
 .debug_macro   0x0000000000013f90      0x1ee ./Core/Src/stm32g0xx_hal_msp.o
 .debug_macro   0x000000000001417e      0x20d ./Core/Src/stm32g0xx_it.o
 .debug_macro   0x000000000001438b      0x1e4 ./Core/Src/system_stm32g0xx.o
 .debug_macro   0x000000000001456f      0x1f8 ./Core/Src/usart.o
 .debug_macro   0x0000000000014767      0x202 ./Drivers/STM32G0xx_HAL_Driver/Src/stm32g0xx_hal.o
 .debug_macro   0x0000000000014969      0x1e4 ./Drivers/STM32G0xx_HAL_Driver/Src/stm32g0xx_hal_cortex.o
 .debug_macro   0x0000000000014b4d      0x1eb ./Drivers/STM32G0xx_HAL_Driver/Src/stm32g0xx_hal_gpio.o
 .debug_macro   0x0000000000014d38      0x1e4 ./Drivers/STM32G0xx_HAL_Driver/Src/stm32g0xx_hal_pwr.o
 .debug_macro   0x0000000000014f1c      0x1f6 ./Drivers/STM32G0xx_HAL_Driver/Src/stm32g0xx_hal_pwr_ex.o
 .debug_macro   0x0000000000015112      0x226 ./Drivers/STM32G0xx_HAL_Driver/Src/stm32g0xx_hal_rcc.o
 .debug_macro   0x0000000000015338      0x1fc ./Drivers/STM32G0xx_HAL_Driver/Src/stm32g0xx_hal_rcc_ex.o
 .debug_macro   0x0000000000015534      0x1e5 ./Drivers/STM32G0xx_HAL_Driver/Src/stm32g0xx_hal_rtc.o
 .debug_macro   0x0000000000015719      0x20f ./Drivers/STM32G0xx_HAL_Driver/Src/stm32g0xx_hal_uart.o
 .debug_macro   0x0000000000015928      0x1f0 ./Drivers/STM32G0xx_HAL_Driver/Src/stm32g0xx_hal_uart_ex.o

.debug_line     0x0000000000000000     0xfbbf
 .debug_line    0x0000000000000000      0x6dc ./Core/Src/gpio.o
 .debug_line    0x00000000000006dc      0x779 ./Core/Src/main.o
 .debug_line    0x0000000000000e55      0xa7b ./Core/Src/modbus_slave.o
 .debug_line    0x00000000000018d0     0x20f3 ./Core/Src/nanomodbus.o
 .debug_line    0x00000000000039c3      0x767 ./Core/Src/rtc.o
 .debug_line    0x000000000000412a      0x6d1 ./Core/Src/stm32g0xx_hal_msp.o
 .debug_line    0x00000000000047fb      0x75d ./Core/Src/stm32g0xx_it.o
 .debug_line    0x0000000000004f58      0x741 ./Core/Src/system_stm32g0xx.o
 .debug_line    0x0000000000005699      0x7df ./Core/Src/usart.o
 .debug_line    0x0000000000005e78       0x7b ./Core/Startup/startup_stm32g030f6px.o
 .debug_line    0x0000000000005ef3      0x9fc ./Drivers/STM32G0xx_HAL_Driver/Src/stm32g0xx_hal.o
 .debug_line    0x00000000000068ef      0xb26 ./Drivers/STM32G0xx_HAL_Driver/Src/stm32g0xx_hal_cortex.o
 .debug_line    0x0000000000007415      0xae4 ./Drivers/STM32G0xx_HAL_Driver/Src/stm32g0xx_hal_gpio.o
 .debug_line    0x0000000000007ef9      0x829 ./Drivers/STM32G0xx_HAL_Driver/Src/stm32g0xx_hal_pwr.o
 .debug_line    0x0000000000008722      0x90c ./Drivers/STM32G0xx_HAL_Driver/Src/stm32g0xx_hal_pwr_ex.o
 .debug_line    0x000000000000902e      0xea2 ./Drivers/STM32G0xx_HAL_Driver/Src/stm32g0xx_hal_rcc.o
 .debug_line    0x0000000000009ed0      0xa4f ./Drivers/STM32G0xx_HAL_Driver/Src/stm32g0xx_hal_rcc_ex.o
 .debug_line    0x000000000000a91f     0x10df ./Drivers/STM32G0xx_HAL_Driver/Src/stm32g0xx_hal_rtc.o
 .debug_line    0x000000000000b9fe     0x3449 ./Drivers/STM32G0xx_HAL_Driver/Src/stm32g0xx_hal_uart.o
 .debug_line    0x000000000000ee47      0xd78 ./Drivers/STM32G0xx_HAL_Driver/Src/stm32g0xx_hal_uart_ex.o

.debug_str      0x0000000000000000    0x8659c
 .debug_str     0x0000000000000000    0x7f311 ./Core/Src/gpio.o
                                      0x7f811 (size before relaxing)
 .debug_str     0x000000000007f311      0x27e ./Core/Src/main.o
                                      0x7f9aa (size before relaxing)
 .debug_str     0x000000000007f58f     0x3cd9 ./Core/Src/modbus_slave.o
                                      0x83623 (size before relaxing)
 .debug_str     0x0000000000083268      0xb8c ./Core/Src/nanomodbus.o
                                       0x843b (size before relaxing)
 .debug_str     0x0000000000083df4      0x308 ./Core/Src/rtc.o
                                      0x7fae4 (size before relaxing)
 .debug_str     0x00000000000840fc       0x43 ./Core/Src/stm32g0xx_hal_msp.o
                                      0x7f75d (size before relaxing)
 .debug_str     0x000000000008413f       0x94 ./Core/Src/stm32g0xx_it.o
                                      0x7f717 (size before relaxing)
 .debug_str     0x00000000000841d3       0x8e ./Core/Src/system_stm32g0xx.o
                                      0x7f797 (size before relaxing)
 .debug_str     0x0000000000084261      0x274 ./Core/Src/usart.o
                                      0x80080 (size before relaxing)
 .debug_str     0x00000000000844d5       0x34 ./Core/Startup/startup_stm32g030f6px.o
                                         0x99 (size before relaxing)
 .debug_str     0x0000000000084509      0x431 ./Drivers/STM32G0xx_HAL_Driver/Src/stm32g0xx_hal.o
                                      0x7fe29 (size before relaxing)
 .debug_str     0x000000000008493a      0x283 ./Drivers/STM32G0xx_HAL_Driver/Src/stm32g0xx_hal_cortex.o
                                      0x7fbe9 (size before relaxing)
 .debug_str     0x0000000000084bbd      0x13d ./Drivers/STM32G0xx_HAL_Driver/Src/stm32g0xx_hal_gpio.o
                                      0x7f8cc (size before relaxing)
 .debug_str     0x0000000000084cfa      0x203 ./Drivers/STM32G0xx_HAL_Driver/Src/stm32g0xx_hal_pwr.o
                                      0x7f98c (size before relaxing)
 .debug_str     0x0000000000084efd      0x198 ./Drivers/STM32G0xx_HAL_Driver/Src/stm32g0xx_hal_pwr_ex.o
                                      0x7f9eb (size before relaxing)
 .debug_str     0x0000000000085095      0x4a8 ./Drivers/STM32G0xx_HAL_Driver/Src/stm32g0xx_hal_rcc.o
                                      0x7febb (size before relaxing)
 .debug_str     0x000000000008553d      0x152 ./Drivers/STM32G0xx_HAL_Driver/Src/stm32g0xx_hal_rcc_ex.o
                                      0x7fad3 (size before relaxing)
 .debug_str     0x000000000008568f      0x29f ./Drivers/STM32G0xx_HAL_Driver/Src/stm32g0xx_hal_rtc.o
                                      0x7fc61 (size before relaxing)
 .debug_str     0x000000000008592e      0xa03 ./Drivers/STM32G0xx_HAL_Driver/Src/stm32g0xx_hal_uart.o
                                      0x80762 (size before relaxing)
 .debug_str     0x0000000000086331      0x26b ./Drivers/STM32G0xx_HAL_Driver/Src/stm32g0xx_hal_uart_ex.o
                                      0x80021 (size before relaxing)

.debug_frame    0x0000000000000000     0x2d08
 .debug_frame   0x0000000000000000       0x30 ./Core/Src/gpio.o
 .debug_frame   0x0000000000000030       0x68 ./Core/Src/main.o
 .debug_frame   0x0000000000000098      0x128 ./Core/Src/modbus_slave.o
 .debug_frame   0x00000000000001c0      0xb8c ./Core/Src/nanomodbus.o
 .debug_frame   0x0000000000000d4c       0x70 ./Core/Src/rtc.o
 .debug_frame   0x0000000000000dbc       0x30 ./Core/Src/stm32g0xx_hal_msp.o
 .debug_frame   0x0000000000000dec       0xb8 ./Core/Src/stm32g0xx_it.o
 .debug_frame   0x0000000000000ea4       0x4c ./Core/Src/system_stm32g0xx.o
 .debug_frame   0x0000000000000ef0       0x88 ./Core/Src/usart.o
 .debug_frame   0x0000000000000f78      0x360 ./Drivers/STM32G0xx_HAL_Driver/Src/stm32g0xx_hal.o
 .debug_frame   0x00000000000012d8      0x33c ./Drivers/STM32G0xx_HAL_Driver/Src/stm32g0xx_hal_cortex.o
 .debug_frame   0x0000000000001614      0x130 ./Drivers/STM32G0xx_HAL_Driver/Src/stm32g0xx_hal_gpio.o
 .debug_frame   0x0000000000001744      0x170 ./Drivers/STM32G0xx_HAL_Driver/Src/stm32g0xx_hal_pwr.o
 .debug_frame   0x00000000000018b4      0x1f4 ./Drivers/STM32G0xx_HAL_Driver/Src/stm32g0xx_hal_pwr_ex.o
 .debug_frame   0x0000000000001aa8      0x214 ./Drivers/STM32G0xx_HAL_Driver/Src/stm32g0xx_hal_rcc.o
 .debug_frame   0x0000000000001cbc       0xb4 ./Drivers/STM32G0xx_HAL_Driver/Src/stm32g0xx_hal_rcc_ex.o
 .debug_frame   0x0000000000001d70      0x360 ./Drivers/STM32G0xx_HAL_Driver/Src/stm32g0xx_hal_rtc.o
 .debug_frame   0x00000000000020d0      0x8d4 ./Drivers/STM32G0xx_HAL_Driver/Src/stm32g0xx_hal_uart.o
 .debug_frame   0x00000000000029a4      0x258 ./Drivers/STM32G0xx_HAL_Driver/Src/stm32g0xx_hal_uart_ex.o
 .debug_frame   0x0000000000002bfc       0x2c /opt/st/stm32cubeide_1.13.1/plugins/com.st.stm32cube.ide.mcu.externaltools.gnu-tools-for-stm32.11.3.rel1.linux64_1.1.0.202305231506/tools/bin/../lib/gcc/arm-none-eabi/11.3.1/../../../../arm-none-eabi/lib/thumb/v6-m/nofp/libc_nano.a(libc_a-memcmp.o)
 .debug_frame   0x0000000000002c28       0x20 /opt/st/stm32cubeide_1.13.1/plugins/com.st.stm32cube.ide.mcu.externaltools.gnu-tools-for-stm32.11.3.rel1.linux64_1.1.0.202305231506/tools/bin/../lib/gcc/arm-none-eabi/11.3.1/../../../../arm-none-eabi/lib/thumb/v6-m/nofp/libc_nano.a(libc_a-memset.o)
 .debug_frame   0x0000000000002c48       0x2c /opt/st/stm32cubeide_1.13.1/plugins/com.st.stm32cube.ide.mcu.externaltools.gnu-tools-for-stm32.11.3.rel1.linux64_1.1.0.202305231506/tools/bin/../lib/gcc/arm-none-eabi/11.3.1/../../../../arm-none-eabi/lib/thumb/v6-m/nofp/libc_nano.a(libc_a-strncpy.o)
 .debug_frame   0x0000000000002c74       0x2c /opt/st/stm32cubeide_1.13.1/plugins/com.st.stm32cube.ide.mcu.externaltools.gnu-tools-for-stm32.11.3.rel1.linux64_1.1.0.202305231506/tools/bin/../lib/gcc/arm-none-eabi/11.3.1/../../../../arm-none-eabi/lib/thumb/v6-m/nofp/libc_nano.a(libc_a-init.o)
 .debug_frame   0x0000000000002ca0       0x28 /opt/st/stm32cubeide_1.13.1/plugins/com.st.stm32cube.ide.mcu.externaltools.gnu-tools-for-stm32.11.3.rel1.linux64_1.1.0.202305231506/tools/bin/../lib/gcc/arm-none-eabi/11.3.1/../../../../arm-none-eabi/lib/thumb/v6-m/nofp/libc_nano.a(libc_a-memcpy-stub.o)
 .debug_frame   0x0000000000002cc8       0x20 /opt/st/stm32cubeide_1.13.1/plugins/com.st.stm32cube.ide.mcu.externaltools.gnu-tools-for-stm32.11.3.rel1.linux64_1.1.0.202305231506/tools/bin/../lib/gcc/arm-none-eabi/11.3.1/thumb/v6-m/nofp/libgcc.a(_udivsi3.o)
 .debug_frame   0x0000000000002ce8       0x20 /opt/st/stm32cubeide_1.13.1/plugins/com.st.stm32cube.ide.mcu.externaltools.gnu-tools-for-stm32.11.3.rel1.linux64_1.1.0.202305231506/tools/bin/../lib/gcc/arm-none-eabi/11.3.1/thumb/v6-m/nofp/libgcc.a(_divsi3.o)

.debug_line_str
                0x0000000000000000       0x8d
 .debug_line_str
                0x0000000000000000       0x8d ./Core/Startup/startup_stm32g030f6px.o
                                         0xa5 (size before relaxing)
