../Core/Src/modbus_slave.c:22:13:RS485_DE_Enable	8	static
../Core/Src/modbus_slave.c:26:13:RS485_DE_Disable	8	static
../Core/Src/modbus_slave.c:31:16:platform_read	40	static
../Core/Src/modbus_slave.c:49:16:platform_write	48	static
../Core/Src/modbus_slave.c:57:19:read_holding_registers	40	static
../Core/Src/modbus_slave.c:75:19:read_input_registers	40	static
../Core/Src/modbus_slave.c:103:6:Modbus_Init	24	static
../Core/Src/modbus_slave.c:136:6:Modbus_Process	8	static
../Core/Src/modbus_slave.c:140:6:Modbus_UART_IRQHandler	16	static
